22:12:09: ScriptEngine initializing ...
22:12:09: Type registrations done. If you see no error above everything should be working
22:12:10: Executing main() in cityworld_gateway_runtime.as(category:TERRAIN,unique ID:0)
22:12:10: [RoR|CW2|GatewayRuntime] START modules=5 seams=4 turn_degrees=45 gateway_m=40
22:12:10: The script finished successfully.
22:12:10: [RoR|CW2|GatewayRuntime] ARMED actor=2026072805 heading=-3.1415
22:12:11: [RoR|CW2|GatewayRuntime] SAMPLE frame=100 x=511.365 y=0.746337 z=452.217 speed=0.957302
22:12:11: [RoR|CW2|GatewayRuntime] SAMPLE frame=200 x=511.313 y=0.758768 z=454.326 speed=3.0378
22:12:11: [RoR|CW2|GatewayRuntime] SAMPLE frame=300 x=511.224 y=0.758711 z=457.948 speed=3.99289
22:12:11: [RoR|CW2|GatewayRuntime] SAMPLE frame=400 x=511.102 y=0.759356 z=462.834 speed=5.68106
22:12:11: [RoR|CW2|GatewayRuntime] SAMPLE frame=500 x=510.937 y=0.759488 z=469.18 speed=7.04303
22:12:11: [RoR|CW2|GatewayRuntime] SAMPLE frame=600 x=510.731 y=0.760083 z=476.843 speed=8.14531
22:12:12: [RoR|CW2|GatewayRuntime] ENTER x=510.676 z=482.023
22:12:12: [RoR|CW2|GatewayRuntime] SAMPLE frame=700 x=510.947 y=0.867233 z=485.593 speed=8.91517
22:12:12: [RoR|CW2|GatewayRuntime] SAMPLE frame=800 x=513.096 y=0.83963 z=495.382 speed=10.9884
22:12:12: [RoR|CW2|GatewayRuntime] SEAM index=0 x=515.332 z=501.88
22:12:12: [RoR|CW2|GatewayRuntime] SAMPLE frame=900 x=516.999 y=0.839949 z=506.119 speed=11.8226
22:12:12: [RoR|CW2|GatewayRuntime] SAMPLE frame=1000 x=521.824 y=0.839893 z=517.312 speed=12.3949
22:12:12: [RoR|CW2|GatewayRuntime] SEAM index=1 x=523.171 z=520.218
22:12:13: [RoR|CW2|GatewayRuntime] SAMPLE frame=1100 x=527.53 y=0.840474 z=528.635 speed=13.318
22:12:13: [RoR|CW2|GatewayRuntime] SEAM index=2 x=533.085 z=537.319
22:12:13: [RoR|CW2|GatewayRuntime] SAMPLE frame=1200 x=535.005 y=0.841025 z=540.032 speed=13.8785
22:12:13: [RoR|CW2|GatewayRuntime] SEAM index=3 x=540.777 z=546.669
22:12:13: [RoR|CW2|GatewayRuntime] SAMPLE frame=1300 x=544.747 y=0.841014 z=550.044 speed=14.1542
22:12:13: [RoR|CW2|GatewayRuntime] CAPTURE x=547.057 z=551.697
22:12:13: [RoR|CW2|GatewayRuntime] SAMPLE frame=1400 x=556.863 y=0.841278 z=557.919 speed=14.7395
22:12:13: [RoR|CW2|GatewayRuntime] EXIT x=566.616 z=566.118
22:12:13: [RoR|CW2|GatewayRuntime] SAMPLE frame=1500 x=567.901 y=0.841572 z=567.53 speed=14.7505
22:12:14: [RoR|CW2|GatewayRuntime] FAIL reason=path-error-3.28696
