20:21:37: XMLMeshSerializer writing mesh data to build-macos-ogre14-roadmap/roundtrip.wCRX8J/lod0.mesh.xml...
20:21:37: Populating DOM...
20:21:37: Writing submesh...
20:21:37: Dedicated geometry bone assignments exported.
20:21:37: Submesh exported.
20:21:37: Writing submesh...
20:21:37: Dedicated geometry bone assignments exported.
20:21:37: Submesh exported.
20:21:37: Writing submesh...
20:21:37: Dedicated geometry bone assignments exported.
20:21:37: Submesh exported.
20:21:37: Writing submesh...
20:21:37: Dedicated geometry bone assignments exported.
20:21:37: Submesh exported.
20:21:37: Writing submesh...
20:21:37: Dedicated geometry bone assignments exported.
20:21:37: Submesh exported.
20:21:37: Writing submesh...
20:21:37: Dedicated geometry bone assignments exported.
20:21:37: Submesh exported.
20:21:37: Exporting LOD information...
20:21:37: Mesh: Loading rorng_city_bridge_span_20m_lod1.mesh.
20:21:37: Error while loading manual LOD level rorng_city_bridge_span_20m_lod1.mesh - this LOD level will not be rendered. You can ignore this error in offline mesh tools.
20:21:37: Mesh: Loading rorng_city_bridge_span_20m_lod2.mesh.
20:21:37: Error while loading manual LOD level rorng_city_bridge_span_20m_lod2.mesh - this LOD level will not be rendered. You can ignore this error in offline mesh tools.
20:21:37: LOD information exported.
20:21:37: DOM populated, writing XML file..
20:21:37: XMLMeshSerializer export successful.
